

================================================================
== Vitis HLS Report for 'nco'
================================================================
* Date:           Fri Jun  5 21:35:40 2026

* Version:        2025.2 (Build 6295257 on Nov 14 2025)
* Project:        nco
* Solution:       hls (Vivado IP Flow Target)
* Product family: zynq
* Target device:  xc7z020-clg484-1


================================================================
== Performance Estimates
================================================================
+ Timing: 
    * Summary: 
    +--------+----------+----------+------------+
    |  Clock |  Target  | Estimated| Uncertainty|
    +--------+----------+----------+------------+
    |ap_clk  |  10.00 ns|  5.331 ns|     2.70 ns|
    +--------+----------+----------+------------+

+ Latency: 
    * Summary: 
    +---------+---------+-----------+-----------+-----+-----+---------+
    |  Latency (cycles) |   Latency (absolute)  |  Interval | Pipeline|
    |   min   |   max   |    min    |    max    | min | max |   Type  |
    +---------+---------+-----------+-----------+-----+-----+---------+
    |        1|        1|  10.000 ns|  10.000 ns|    2|    2|       no|
    +---------+---------+-----------+-----------+-----+-----+---------+

    + Detail: 
        * Instance: 
        N/A

        * Loop: 
        N/A



================================================================
== Utilization Estimates
================================================================
* Summary: 
+-----------------+---------+-----+--------+-------+-----+
|       Name      | BRAM_18K| DSP |   FF   |  LUT  | URAM|
+-----------------+---------+-----+--------+-------+-----+
|DSP              |        -|    -|       -|      -|    -|
|Expression       |        -|    -|       0|     23|    -|
|FIFO             |        -|    -|       -|      -|    -|
|Instance         |        -|    -|       -|      -|    -|
|Memory           |        4|    -|       0|      0|    -|
|Multiplexer      |        -|    -|       0|     14|    -|
|Register         |        -|    -|      18|      -|    -|
+-----------------+---------+-----+--------+-------+-----+
|Total            |        4|    0|      18|     37|    0|
+-----------------+---------+-----+--------+-------+-----+
|Available        |      280|  220|  106400|  53200|    0|
+-----------------+---------+-----+--------+-------+-----+
|Utilization (%)  |        1|    0|      ~0|     ~0|    0|
+-----------------+---------+-----+--------+-------+-----+

+ Detail: 
    * Instance: 
    N/A

    * DSP: 
    N/A

    * Memory: 
    +------------+----------------------+---------+---+----+-----+------+-----+------+-------------+
    |   Memory   |        Module        | BRAM_18K| FF| LUT| URAM| Words| Bits| Banks| W*Bits*Banks|
    +------------+----------------------+---------+---+----+-----+------+-----+------+-------------+
    |sine_lut_U  |sine_lut_ROM_AUTO_1R  |        4|  0|   0|    0|  4096|   16|     1|        65536|
    +------------+----------------------+---------+---+----+-----+------+-----+------+-------------+
    |Total       |                      |        4|  0|   0|    0|  4096|   16|     1|        65536|
    +------------+----------------------+---------+---+----+-----+------+-----+------+-------------+

    * FIFO: 
    N/A

    * Expression: 
    +--------------------+----------+----+---+----+------------+------------+
    |    Variable Name   | Operation| DSP| FF| LUT| Bitwidth P0| Bitwidth P1|
    +--------------------+----------+----+---+----+------------+------------+
    |add_ln430_fu_67_p2  |         +|   0|  0|  23|          16|          16|
    +--------------------+----------+----+---+----+------------+------------+
    |Total               |          |   0|  0|  23|          16|          16|
    +--------------------+----------+----+---+----+------------+------------+

    * Multiplexer: 
    +-----------+----+-----------+-----+-----------+
    |    Name   | LUT| Input Size| Bits| Total Bits|
    +-----------+----+-----------+-----+-----------+
    |ap_NS_fsm  |  14|          3|    1|          3|
    +-----------+----+-----------+-----+-----------+
    |Total      |  14|          3|    1|          3|
    +-----------+----+-----------+-----+-----------+

    * Register: 
    +-----------+----+----+-----+-----------+
    |    Name   | FF | LUT| Bits| Const Bits|
    +-----------+----+----+-----+-----------+
    |ap_CS_fsm  |   2|   0|    2|          0|
    |temp       |  16|   0|   16|          0|
    +-----------+----+----+-----+-----------+
    |Total      |  18|   0|   18|          0|
    +-----------+----+----+-----+-----------+



================================================================
== Interface
================================================================
* Summary: 
+--------------------+-----+-----+------------+--------------+--------------+
|      RTL Ports     | Dir | Bits|  Protocol  | Source Object|    C Type    |
+--------------------+-----+-----+------------+--------------+--------------+
|ap_clk              |   in|    1|  ap_ctrl_hs|           nco|  return value|
|ap_rst              |   in|    1|  ap_ctrl_hs|           nco|  return value|
|ap_start            |   in|    1|  ap_ctrl_hs|           nco|  return value|
|ap_done             |  out|    1|  ap_ctrl_hs|           nco|  return value|
|ap_idle             |  out|    1|  ap_ctrl_hs|           nco|  return value|
|ap_ready            |  out|    1|  ap_ctrl_hs|           nco|  return value|
|sine_sample         |  out|   16|      ap_vld|   sine_sample|       pointer|
|sine_sample_ap_vld  |  out|    1|      ap_vld|   sine_sample|       pointer|
|step_size           |   in|   16|     ap_none|     step_size|        scalar|
+--------------------+-----+-----+------------+--------------+--------------+

