

================================================================
== Synthesis Summary Report of 'nco'
================================================================
+ General Information: 
    * Date:           Fri Jun  5 21:35:40 2026
    * Version:        2025.2 (Build 6295257 on Nov 14 2025)
    * Project:        nco
    * Solution:       hls (Vivado IP Flow Target)
    * Product family: zynq
    * Target device:  xc7z020-clg484-1
    

* Performance & Resource Estimates: 
+--------+------+---------------+----------+---------+------+----------+---------+--------+------+--------+----+----------+----------+-----+
| Modules| Issue|               | Iteration|         | Trip |          |      Latency     |      |        |    |          |          |     |
| & Loops| Type | Violation Type|  Latency | Interval| Count| Pipelined| (cycles)|  (ns)  | Slack|  BRAM  | DSP|    FF    |    LUT   | URAM|
+--------+------+---------------+----------+---------+------+----------+---------+--------+------+--------+----+----------+----------+-----+
|+ nco   |     -|              -|         -|        2|     -|        no|        1|  10.000|  1.97|  4 (1%)|   -|  18 (~0%)|  37 (~0%)|    -|
+--------+------+---------------+----------+---------+------+----------+---------+--------+------+--------+----+----------+----------+-----+
    Name Prefix: '+' for module, 'o' for loop, '*' for dataflow


================================================================
== HW Interfaces
================================================================
* Other Ports
+-------------+---------+-----------+----------+
| Port        | Mode    | Direction | Bitwidth |
+-------------+---------+-----------+----------+
| sine_sample | ap_vld  | out       | 16       |
| step_size   | ap_none | in        | 16       |
+-------------+---------+-----------+----------+

* TOP LEVEL CONTROL
+-----------+------------+-----------------------------------+
| Interface | Type       | Ports                             |
+-----------+------------+-----------------------------------+
| ap_clk    | clock      | ap_clk                            |
| ap_rst    | reset      | ap_rst                            |
| ap_ctrl   | ap_ctrl_hs | ap_done ap_idle ap_ready ap_start |
+-----------+------------+-----------------------------------+


================================================================
== SW I/O Information
================================================================
* Top Function Arguments
+-------------+-----------+--------------------------------------------------+
| Argument    | Direction | Datatype                                         |
+-------------+-----------+--------------------------------------------------+
| sine_sample | out       | ap_fixed<16, 2, (ap_q_mode)5, (ap_o_mode)3, 0>*  |
| step_size   | in        | ap_ufixed<16, 12, (ap_q_mode)5, (ap_o_mode)3, 0> |
+-------------+-----------+--------------------------------------------------+

* SW-to-HW Mapping
+-------------+--------------------+---------+
| Argument    | HW Interface       | HW Type |
+-------------+--------------------+---------+
| sine_sample | sine_sample        | port    |
| sine_sample | sine_sample_ap_vld | port    |
| step_size   | step_size          | port    |
+-------------+--------------------+---------+


================================================================
== Bind Op Report
================================================================
+----------------------+-----+--------+-----------+-----+--------+---------+
| Name                 | DSP | Pragma | Variable  | Op  | Impl   | Latency |
+----------------------+-----+--------+-----------+-----+--------+---------+
| + nco                | 0   |        |           |     |        |         |
|   add_ln430_fu_67_p2 |     |        | add_ln430 | add | fabric | 0       |
+----------------------+-----+--------+-----------+-----+--------+---------+


================================================================
== Storage Report
================================================================
+--------------+--------+------+------+------+--------+----------+------+---------+------------------+
| Name         | Usage  | Type | BRAM | URAM | Pragma | Variable | Impl | Latency | Bitwidth, Depth, |
|              |        |      |      |      |        |          |      |         | Banks            |
+--------------+--------+------+------+------+--------+----------+------+---------+------------------+
| + nco        |        |      | 4    | 0    |        |          |      |         |                  |
|   sine_lut_U | rom_1p |      | 4    |      |        | sine_lut | auto | 1       | 16, 4096, 1      |
+--------------+--------+------+------+------+--------+----------+------+---------+------------------+


================================================================
== Pragma Report
================================================================
  No pragmas found

